[48;2;90;86;224mRoot[0m
â”œâ”€â”€ [48;2;4;181;117mFoo[0m
â””â”€â”€ [48;2;4;181;117mBaz[0m