â€¢ Foo
â€¢ Bar
  â€¢ foo2
  â€¢ bar2
â€¢ Qux
   I. aaa
  II. bbb
â€¢ Deep
  A. foo
  B. Deeper
    1. a
    2. b
    3. Even Deeper, inherit parent renderer
      * sus
      * d minor
      * f#
      * One ore level, with another renderer
        - a
          multine
          string
        - hoccus poccus
        - abra kadabra
        - And finally, a tree within all this
          [38;2;255;135;215mâ”œâ”€â”€[0m another
          [38;2;255;135;215mâ”‚[0m   multine
          [38;2;255;135;215mâ”‚[0m   string
          [38;2;255;135;215mâ”œâ”€â”€[0m something
          [38;2;255;135;215mâ”œâ”€â”€[0m a subtree
          [38;2;255;135;215mâ”‚[0m   [38;2;255;135;215mâ”œâ”€â”€[0m yup
          [38;2;255;135;215mâ”‚[0m   [38;2;255;135;215mâ”œâ”€â”€[0m many itens
          [38;2;255;135;215mâ”‚[0m   [38;2;255;135;215mâ””â”€â”€[0m another
          [38;2;255;135;215mâ”œâ”€â”€[0m hallo
          [38;2;255;135;215mâ””â”€â”€[0m wunderbar!
        - this is a tree
          and other obvious statements
  C. bar
â€¢ Baz